  401380     48FC Code                ABBROWSE_TEXT
  405C7C     112F Code                ABEIP_TEXT
  406DAC     28AC Code                ABERROR_TEXT
  409658     60BB Code                ABFILE_TEXT
  40F714      159 Code                ABFUZZY_TEXT
  40F870     2130 Code                ABPOPUP_TEXT
  4119A0     27AD Code                ABQUERY_TEXT
  414150     1D2C Code                ABRESIZE_TEXT
  415E7C      8C0 Code                ABTOOLBA_TEXT
  41673C     2B11 Code                ABUTIL_TEXT
  419250     1C1A Code                ABWINDOW_TEXT
  41AE6C       80 Code                CWSYNCHC_TEXT
  41AEEC     12CB Code                FILM001_TEXT
  41C1B8      262 Code                FILM_BC0_TEXT
  41C41C       13 Code                FILM_BC_TEXT
  41C430       B0 Code                FILM_TEXT
  41C4E0       23 Code                IEXE32_TEXT
  41C504      2C2 Code                INIT_TEXT
  41C7C8       37 Code                INST00_TEXT
  41D000     1172 Initialized Data    $DEFAULTERRORS_DATA
  41E174      105 Initialized Data    ABBROWSE_CONST
  41E27C      A78 Initialized Data    ABBROWSE_DATA
  41ECF4       23 Initialized Data    ABEIP_CONST
  41ED18       B4 Initialized Data    ABEIP_DATA
  41EDCC      16F Initialized Data    ABERROR_CONST
  41EF3C      A7C Initialized Data    ABERROR_DATA
  41F9B8       C5 Initialized Data    ABFILE_CONST
  41FA80      3F8 Initialized Data    ABFILE_DATA
  41FE78       B4 Initialized Data    ABFUZZY_DATA
  41FF2C       2D Initialized Data    ABPOPUP_CONST
  41FF5C      120 Initialized Data    ABPOPUP_DATA
  42007C       E2 Initialized Data    ABQUERY_CONST
  420160       87 Initialized Data    ABQUERY_DATA
  4201E8       30 Initialized Data    ABRESIZE_CONST
  420218      23F Initialized Data    ABRESIZE_DATA
  420458      390 Initialized Data    ABTOOLBA_DATA
  4207E8       71 Initialized Data    ABUTIL_CONST
  42085C      261 Initialized Data    ABUTIL_DATA
  420AC0        4 Initialized Data    ABWINDOW_CONST
  420AC4       9B Initialized Data    ABWINDOW_DATA
  420B60       48 Initialized Data    CWSYNCHC_DATA
  420BA8       B0 Initialized Data    FILM001_CONST
  420C58     11F4 Initialized Data    FILM001_DATA
  421E4C        E Initialized Data    FILM_BC0_CONST
  421E5C      3A0 Initialized Data    FILM_BC0_DATA
  4221FC       1A Initialized Data    FILM_CONST
  422218       78 Initialized Data    FILM_DATA
  422290       44 Initialized Data    IEXE32_DATA
  4222D4        0 Initialized Data    __CPPINI_CONS
  4222D4      1DC Initialized Data    __CPPINI_CONST
  4224B0        4 Initialized Data    __CPPINI_END
  4224B4        0 Initialized Data    __INIVMT_CONS
  4224B4      118 Initialized Data    __INIVMT_CONST
  4225CC        0 Initialized Data    __INIVMT_CONST_END
  4225D0     1623 Un-initialized Data $FUZZYMATCHER_BSS
  423BF4       40 Un-initialized Data ABEIP_BSS
  423C34      404 Un-initialized Data ABERROR_BSS
  424038       10 Un-initialized Data ABFILE_BSS
  424048        4 Un-initialized Data ABFUZZY_BSS
  42404C      104 Un-initialized Data ABUTIL_BSS
  424150      14C Un-initialized Data FILM_BSS
  425000        8 __T_L_S__DAT
  425008      134 __T_L_S__DATA
  42513C        0 __T_L_S__DATA_END
  425140        0 __T_L_S__BS
  425140     1120 __T_L_S__BSS
  426260        0 __T_L_S__BSS_END

  401380 KILL_@_WINDOWCOMPONENT_@_BROWSECLASS@F15WINDOWCOMPONENT
  401390 RESET_@_WINDOWCOMPONENT_@_BROWSECLASS@F15WINDOWCOMPONENTUc
  4013A4 RESETREQUIRED_@_WINDOWCOMPONENT_@_BROWSECLASS@F15WINDOWCOMPONENT
  4013B4 SETALERTS_@_WINDOWCOMPONENT_@_BROWSECLASS@F15WINDOWCOMPONENT
  4013C8 TAKEEVENT_@_WINDOWCOMPONENT_@_BROWSECLASS@F15WINDOWCOMPONENT
  4013DC UPDATE_@_WINDOWCOMPONENT_@_BROWSECLASS@F15WINDOWCOMPONENT
  4013F0 UPDATEWINDOW_@_WINDOWCOMPONENT_@_BROWSECLASS@F15WINDOWCOMPONENT
  401404 UPDATEWINDOW@F11BROWSECLASS
  4015E4 UPDATEVIEWRECORD@F11BROWSECLASS
  4016C8 UPDATETOOLBARBUTTONS@F11BROWSECLASS
  401750 UPDATETHUMBFIXED@F11BROWSECLASS
  401900 UPDATETHUMB@F11BROWSECLASS
  401BA4 UPDATERESETS@F11BROWSECLASS
  401BB8 UPDATEBUFFER@F11BROWSECLASS
  401BF0 TAKEVCRSCROLL@F11BROWSECLASSl
  401CD8 TAKESCROLL@F11BROWSECLASSl
  401D5C TAKENEWSELECTION@F11BROWSECLASS
  401F10 TAKELOCATE@F11BROWSECLASS
  402208 TAKEKEY@F11BROWSECLASS
  4024AC TAKEEVENT@F11BROWSECLASS
  402C10 TAKECHOICECHANGED@F11BROWSECLASS
  402C78 TAKEACCEPTEDLOCATOR@F11BROWSECLASS
  402D6C GETUSEMRP@F11BROWSECLASS
  402D70 SETUSEMRP@F11BROWSECLASSUc
  402D74 SETUSEPOPUP@F11BROWSECLASSUc
  402D78 SETSORT@F11BROWSECLASSUcUc
  402EB4 SETQUEUERECORD@F11BROWSECLASS
  402ED4 SETALERTS@F11BROWSECLASS
  4033E8 SCROLLPAGE@F11BROWSECLASSl
  403528 SCROLLONE@F11BROWSECLASSl
  403588 SCROLLEND@F11BROWSECLASSl
  403600 RESETTHUMBLIMITS@F11BROWSECLASS
  40373C RESETSORT@F11BROWSECLASSUc
  403760 RESETRESETS@F11BROWSECLASS
  403864 RESETQUEUE@F11BROWSECLASSUc
  403E24 RESETFROMVIEW@F11BROWSECLASS
  403E6C RESETFROMFILE@F11BROWSECLASS
  403E90 RESETFROMBUFFER@F11BROWSECLASS
  40408C RESETFROMASK@F11BROWSECLASSRUcRUc
  404284 RECORDS@F11BROWSECLASS
  4042EC PREVIOUS@F11BROWSECLASS
  404338 POSTNEWSELECTION@F11BROWSECLASS
  404390 NOTIFYUPDATEERROR@F11BROWSECLASS
  4043B0 NEXT@F11BROWSECLASS
  4043FC KILL@F11BROWSECLASS
  404640 INITSORT@F11BROWSECLASSUc
  404694 INIT@F11BROWSECLASS12ILISTCONTROLBi11BROWSEQUEUE15RELATIONMANAGER13WINDOWMANAGER
  404794 INIT@F11BROWSECLASSlRsbBiBq15RELATIONMANAGER13WINDOWMANAGER
  4047F8 FETCH@F11BROWSECLASSUc
  404A84 CHECKEIP@F11BROWSECLASS
  404B48 ASKRECORD@F11BROWSECLASSUc
  404B5C ASK@F11BROWSECLASSUc
  404C2C APPLYRANGE@F11BROWSECLASS
  404C98 ADDTOOLBARTARGET@F11BROWSECLASS12TOOLBARCLASS
  404CEC ADDSORTORDER@F11BROWSECLASS9STEPCLASSBk
  404D68 ADDLOCATOR@F11BROWSECLASS12LOCATORCLASS
  404D84 ADDFIELD@F11BROWSECLASSRsbRsb
  404DE0 ADDFIELD@F11BROWSECLASSRlRl
  404E40 ADDFIELD@F11BROWSECLASSRuRu
  404E80 RECORDS_@_BROWSEQUEUE_@_STANDARDBEHAVIOR@F11BROWSEQUEUE
  404E8C INSERT_@_BROWSEQUEUE_@_STANDARDBEHAVIOR@F11BROWSEQUEUE
  404E98 INSERT_@_BROWSEQUEUE_@_STANDARDBEHAVIOR@F11BROWSEQUEUEl
  404EA4 FETCH_@_BROWSEQUEUE_@_STANDARDBEHAVIOR@F11BROWSEQUEUEl
  404EB0 UPDATE_@_BROWSEQUEUE_@_STANDARDBEHAVIOR@F11BROWSEQUEUE
  404EBC DELETE_@_BROWSEQUEUE_@_STANDARDBEHAVIOR@F11BROWSEQUEUE
  404EC8 FREE_@_BROWSEQUEUE_@_STANDARDBEHAVIOR@F11BROWSEQUEUE
  404ED4 WHO_@_BROWSEQUEUE_@_STANDARDBEHAVIOR@F11BROWSEQUEUEl
  404EE4 GETVIEWPOSITION_@_BROWSEQUEUE_@_STANDARDBEHAVIOR@F11BROWSEQUEUE
  404EFC SETVIEWPOSITION_@_BROWSEQUEUE_@_STANDARDBEHAVIOR@F11BROWSEQUEUEsb
  404F34 CHOICE_@_ILISTCONTROL_@_STANDARDBEHAVIOR@F12ILISTCONTROL
  404F40 GETCONTROL_@_ILISTCONTROL_@_STANDARDBEHAVIOR@F12ILISTCONTROL
  404F44 GETITEMS_@_ILISTCONTROL_@_STANDARDBEHAVIOR@F12ILISTCONTROL
  404F78 GETVISIBLE_@_ILISTCONTROL_@_STANDARDBEHAVIOR@F12ILISTCONTROL
  404FAC SETCHOICE_@_ILISTCONTROL_@_STANDARDBEHAVIOR@F12ILISTCONTROLl
  405000 SETCONTROL_@_ILISTCONTROL_@_STANDARDBEHAVIOR@F12ILISTCONTROLl
  405004 INIT@F16STANDARDBEHAVIORBqRsbl
  40501C TAKENEWSELECTION@F16BROWSEEIPMANAGER
  4050B4 TAKECOMPLETED@F16BROWSEEIPMANAGERUc
  40529C KILL@F16BROWSEEIPMANAGER
  4052D0 INIT@F16BROWSEEIPMANAGER
  405694 CLEARCOLUMN@F16BROWSEEIPMANAGER
  4056DC TAKEKEY@F16STEPLOCATORCLASS
  405908 SET@F16STEPLOCATORCLASS
  40590C INIT@F16STEPLOCATORCLASSlRuUc
  405934 UPDATEWINDOW@F12LOCATORCLASS
  40593C TAKEACCEPTED@F12LOCATORCLASS
  405940 SETSHADOW@F12LOCATORCLASSsb
  40595C SETENABLED@F12LOCATORCLASSUc
  4059A0 SETALERTS@F12LOCATORCLASSl
  4059A4 SETLOCATORFIELD@F12LOCATORCLASSRu
  4059F8 RESET@F12LOCATORCLASS
  4059FC INIT@F12LOCATORCLASSlRuUc11BROWSECLASS
  405A30 INIT@F12LOCATORCLASSlRuUc
  405A4C GETSHADOW@F12LOCATORCLASS
  405A68 DESTRUCT@F12LOCATORCLASS
  405A7C SETLIMIT@F13STEPLONGCLASSuu
  405B68 GETVALUE@F13STEPLONGCLASSUc
  405BC8 GETPERCENTILE@F13STEPLONGCLASSu
  405C70 SETLIMITNEEDED@F9STEPCLASS
  405C74 KILL@F9STEPCLASS
  405C78 INIT@F9STEPCLASSUc
  405C7C TAKENEWSELECTION@F10EIPMANAGER
  405CF4 TAKEFOCUSLOSS@F10EIPMANAGER
  405D48 TAKEFIELDEVENT@F10EIPMANAGER
  405E98 TAKEEVENT@F10EIPMANAGER
  405F28 TAKECOMPLETED@F10EIPMANAGERUc
  405F74 TAKEACTION@F10EIPMANAGERl
  40627C TAKEACCEPTALL@F10EIPMANAGER
  4063C8 RUN@F10EIPMANAGERUc
  406460 RESETCOLUMN@F10EIPMANAGER
  406528 GETEDIT@F10EIPMANAGER
  406584 NEXT@F10EIPMANAGER
  406660 KILL@F10EIPMANAGER
  4067E8 INITCONTROLS@F10EIPMANAGER
  4069F4 INIT@F10EIPMANAGER
  406A60 CLEARCOLUMN@F10EIPMANAGER
  406AA8 ADDCONTROL@F10EIPMANAGER9EDITCLASSlUc
  406B04 CREATECONTROL@F14EDITENTRYCLASS
  406B28 RESETCONTROL@F9EDITCLASS
  406B2C GETFEQ@F9EDITCLASS
  406B30 TAKEEVENT@F9EDITCLASSl
  406B78 TAKEACCEPTED@F9EDITCLASSUc
  406B90 SETREADONLY@F9EDITCLASSUc
  406BEC SETALERTS@F9EDITCLASS
  406CEC KILL@F9EDITCLASS
  406D1C INIT@F9EDITCLASSllRu
  406EC8 KILL_@_WINDOWCOMPONENT_@_HISTHANDLERCLASS@F15WINDOWCOMPONENT
  406ECC RESET_@_WINDOWCOMPONENT_@_HISTHANDLERCLASS@F15WINDOWCOMPONENTUc
  406ED0 RESETREQUIRED_@_WINDOWCOMPONENT_@_HISTHANDLERCLASS@F15WINDOWCOMPONENT
  406ED4 SETALERTS_@_WINDOWCOMPONENT_@_HISTHANDLERCLASS@F15WINDOWCOMPONENT
  406ED8 TAKEEVENT_@_WINDOWCOMPONENT_@_HISTHANDLERCLASS@F15WINDOWCOMPONENT
  406EE0 UPDATE_@_WINDOWCOMPONENT_@_HISTHANDLERCLASS@F15WINDOWCOMPONENT
  406EE4 UPDATEWINDOW_@_WINDOWCOMPONENT_@_HISTHANDLERCLASS@F15WINDOWCOMPONENT
  406EF8 VLBPROC@F16HISTHANDLERCLASSls
  406FA4 TAKEEVENT@F16HISTHANDLERCLASS
  40706C INIT@F16HISTHANDLERCLASSBw10ERRORCLASS16ERRORHISTORYLIST
  407078 _VLBPROC@F16HISTHANDLERCLASSls
  407088 TAKEACCEPTED@F11MSGBOXCLASS
  4070C4 SETUPADDITIONALFEQS@F11MSGBOXCLASS
  40714C KILL@F11MSGBOXCLASS
  40718C INIT@F11MSGBOXCLASS
  40743C INIT@F11MSGBOXCLASSBw10ERRORCLASSOsbllll
  4074D4 FETCHSTDBUTTON@F11MSGBOXCLASSs
  407508 GETALLSTATUSVARIABLES@F10ERRORCLASS16ERRORSTATUSGROUP
  407538 GETERRORBUFFERFATALITY@F10ERRORCLASS
  407568 GETERRORBUFFERTITLE@F10ERRORCLASS
  4075A0 GETERRORBUFFERID@F10ERRORCLASS
  4075C4 SETMESSAGETEXT@F10ERRORCLASSsb
  407614 SETKEYNAME@F10ERRORCLASSsb
  407664 SETFIELDNAME@F10ERRORCLASSsb
  4076B4 SETFILENAME@F10ERRORCLASSsb
  407704 STOREERRORENTRY@F10ERRORCLASSUs
  407834 GETHISTORYRESETONVIEW@F10ERRORCLASS
  407880 SETHISTORYRESETONVIEW@F10ERRORCLASSUc
  4078C8 GETHISTORYVIEWLEVEL@F10ERRORCLASS
  407914 SETHISTORYVIEWLEVEL@F10ERRORCLASSl
  40795C GETHISTORYTHRESHOLD@F10ERRORCLASS
  4079A8 SETHISTORYTHRESHOLD@F10ERRORCLASSl
  4079F0 GETLOGERRORS@F10ERRORCLASS
  407A3C GETSILENT@F10ERRORCLASS
  407A88 SETDEFAULTCATEGORY@F10ERRORCLASSsa
  407AD0 GETDEFAULTCATEGORY@F10ERRORCLASS
  407B1C VIEWHISTORY@F10ERRORCLASS
  407B48 THROWMESSAGE@F10ERRORCLASSssb
  407B98 THROW@F10ERRORCLASSs
  407BAC TAKEUSER@F10ERRORCLASS
  407C08 TAKEPROGRAM@F10ERRORCLASS
  407C10 TAKEOTHER@F10ERRORCLASS
  407C18 TAKENOTIFY@F10ERRORCLASS
  407C64 TAKEFATAL@F10ERRORCLASS
  407CF0 TAKEERROR@F10ERRORCLASSs
  407EF4 TAKEBENIGN@F10ERRORCLASS
  407EF8 SUBSSTRING@F10ERRORCLASS
  4082A4 SETPROCEDURENAME@F10ERRORCLASSOsb
  408354 GETERRORENTRY@F10ERRORCLASSUs15ERRORENTRYGROUPl
  4083F8 GETERRORENTRY@F10ERRORCLASSUs15ERRORENTRYGROUP
  40842C SETID@F10ERRORCLASSUsl
  408464 SETID@F10ERRORCLASSUs
  408480 SETKEY@F10ERRORCLASSsb
  4084BC SETFILE@F10ERRORCLASSsb
  4084F8 SETFIELD@F10ERRORCLASSsb
  408534 SETERRORS@F10ERRORCLASS
  4085B8 SETERRORLOG@F10ERRORCLASS17ERRORLOGINTERFACE
  408658 SETCATEGORY@F10ERRORCLASSssa
  4086A4 RESETHISTORY@F10ERRORCLASS
  4086CC REMOVEERROR@F10ERRORCLASSUs
  40870C MESSAGEBOX@F10ERRORCLASSUcsbOsbOsblll
  4087A4 MSG@F10ERRORCLASSsbOsbOsblll
  408AF0 MESSAGE@F10ERRORCLASSsll
  408B54 KILL@F10ERRORCLASS
  408BF8 INIT@F10ERRORCLASS16ERRORSTATUSCLASS
  408C54 INIT@F10ERRORCLASS
  408D28 HISTORYMSG@F10ERRORCLASSsblll
  408EE8 GETPROCEDURENAME@F10ERRORCLASS
  408FBC GETCATEGORY@F10ERRORCLASSs
  409044 ADDHISTORY@F10ERRORCLASS
  409074 ADDERRORS@F10ERRORCLASS10ERRORBLOCK
  409220 ADDERROR@F10ERRORCLASSUsRsbRsbUcsa
  4092CC DESTRUCT@F10ERRORCLASS
  4092E8 CONSTRUCT@F10ERRORCLASS
  409300 DESTRUCT@F16ERRORSTATUSCLASS
  409334 CONSTRUCT@F16ERRORSTATUSCLASS
  40946C CLOSE_@_ERRORLOGINTERFACE_@_STANDARDERRORLOGCLASS@F17ERRORLOGINTERFACEUc
  409474 OPEN_@_ERRORLOGINTERFACE_@_STANDARDERRORLOGCLASS@F17ERRORLOGINTERFACEUc
  40947C TAKE_@_ERRORLOGINTERFACE_@_STANDARDERRORLOGCLASS@F17ERRORLOGINTERFACEsb
  409520 CLOSE@F21STANDARDERRORLOGCLASSUc
  40959C OPEN@F21STANDARDERRORLOGCLASSUc
  409644 DESTRUCT@F21STANDARDERRORLOGCLASS
  409650 CONSTRUCT@F21STANDARDERRORLOGCLASS
  409658 REMOVERELATIONFILEMAPPING@F12FILESMANAGER15RELATIONMANAGER
  409678 REMOVERELATIONFILEMAPPING@F12FILESMANAGERl
  409694 REMOVEFILEMAPPING@F12FILESMANAGER11FILEMANAGER
  4096B0 REMOVEFILEMAPPING@F12FILESMANAGERl
  40974C NOTEUSAGE@F12FILESMANAGER11FILEMANAGERUc
  409824 NOTEOPEN@F12FILESMANAGER11FILEMANAGER
  409868 NOTECLOSE@F12FILESMANAGER11FILEMANAGER
  4098F8 GETRELATIONFILEMAPPING@F12FILESMANAGERl
  409930 GETFILEMAPPING@F12FILESMANAGERl
  409968 GETFILEID@F12FILESMANAGERBf
  409980 FINDRECORD@F12FILESMANAGER11FILEMANAGER
  409A2C ADDFILEMAPPING@F12FILESMANAGER15RELATIONMANAGER
  409A88 ADDFILEMAPPING@F12FILESMANAGER11FILEMANAGER
  409AE4 DESTRUCT@F12FILESMANAGER
  409B24 CONSTRUCT@F12FILESMANAGER
  40A27C OPENFILE_@_IFILEOPENSERVER_@_UNTHREADEDFILEOPENSERVER@F15IFILEOPENSERVERl
  40A30C CLOSEFILE_@_IFILEOPENSERVER_@_UNTHREADEDFILEOPENSERVER@F15IFILEOPENSERVER
  40A38C LINK_@_IFILEOPENSERVER_@_UNTHREADEDFILEOPENSERVER@F15IFILEOPENSERVER
  40A3DC RELEASE_@_IFILEOPENSERVER_@_UNTHREADEDFILEOPENSERVER@F15IFILEOPENSERVER
  40A468 INIT@F24UNTHREADEDFILEOPENSERVERBf
  40A47C DESTRUCT@F24UNTHREADEDFILEOPENSERVER
  40A4A0 CONSTRUCT@F24UNTHREADEDFILEOPENSERVER
  40A4D0 OPENFILE_@_IFILEOPENSERVER_@_THREADEDFILEOPENSERVER@F15IFILEOPENSERVERl
  40A4FC CLOSEFILE_@_IFILEOPENSERVER_@_THREADEDFILEOPENSERVER@F15IFILEOPENSERVER
  40A50C LINK_@_IFILEOPENSERVER_@_THREADEDFILEOPENSERVER@F15IFILEOPENSERVER
  40A518 RELEASE_@_IFILEOPENSERVER_@_THREADEDFILEOPENSERVER@F15IFILEOPENSERVER
  40A524 RELEASE@F14FILEOPENSERVER
  40A544 LINK@F14FILEOPENSERVER
  40A548 INIT@F14FILEOPENSERVERBf
  40A54C DESTRUCT@F14FILEOPENSERVER
  40A550 CONSTRUCT@F14FILEOPENSERVER
  40A574 VALIDATERECORD@F11VIEWMANAGER
  40A578 UNUSEVIEW@F11VIEWMANAGER
  40A610 USEVIEW@F11VIEWMANAGER
  40A6D4 SETSORT@F11VIEWMANAGERUc
  40A700 SETORDER@F11VIEWMANAGERsb
  40A790 SETFILTER@F11VIEWMANAGERsbsb
  40A8CC SETFILTER@F11VIEWMANAGERsb
  40A914 SAVEBUFFERS@F11VIEWMANAGER
  40A9C4 RESTOREBUFFERS@F11VIEWMANAGER
  40AA2C RESET@F11VIEWMANAGER
  40AA38 RESET@F11VIEWMANAGERUc
  40AA80 PRIMERECORD@F11VIEWMANAGERUc
  40ABC4 PREVIOUS@F11VIEWMANAGER
  40AC28 OPEN@F11VIEWMANAGER
  40ACA4 NEXT@F11VIEWMANAGER
  40AD08 KILL@F11VIEWMANAGER
  40AE60 GETFIELDASCENDING@F11VIEWMANAGERRu
  40B1B8 INIT@F11VIEWMANAGERBi15RELATIONMANAGER9SORTORDER
  40B218 GETFREEELEMENTPOSITION@F11VIEWMANAGER
  40B270 GETFREEELEMENTNAME@F11VIEWMANAGER
  40B2C4 GETFREEELEMENTASCENDING@F11VIEWMANAGER
  40B31C CLEARFILESRECORD@F11VIEWMANAGER
  40B3D4 CLOSE@F11VIEWMANAGERUc
  40B3F0 CLOSE@F11VIEWMANAGER
  40B3FC APPLYRANGE@F11VIEWMANAGER
  40B5C8 APPLYORDER@F11VIEWMANAGER
  40B620 APPLYFILTER@F11VIEWMANAGER
  40BB84 APPENDORDER@F11VIEWMANAGERsb
  40BC64 ADDSORTORDER@F11VIEWMANAGERBk
  40BD30 DESTRUCT@F11VIEWMANAGER
  40BD44 DEFEREDADDRELATIONS@F15RELATIONMANAGER
  40BD74 UPDATESECONDARY@F15RELATIONMANAGERBk18BUFFEREDPAIRSCLASSUc
  40BF30 UPDATE@F15RELATIONMANAGERUc
  40C170 INSERT@F15RELATIONMANAGER
  40C2C8 SETQUICKSCAN@F15RELATIONMANAGERUcUc
  40C3D4 SAVE@F15RELATIONMANAGER
  40C41C FORCEOPEN@F15RELATIONMANAGERUc
  40C42C OPEN@F15RELATIONMANAGERUc
  40C454 OPENCLOSESERVER@F15RELATIONMANAGERUcUc
  40C5D8 LOGOUTINSERT@F15RELATIONMANAGER
  40C66C LOGOUTUPDATE@F15RELATIONMANAGER
  40C6D8 LOGOUTPRIME@F15RELATIONMANAGER
  40C7B8 LOGOUTDELETE@F15RELATIONMANAGER
  40C834 KILL@F15RELATIONMANAGER
  40C8B8 INIT@F15RELATIONMANAGER11FILEMANAGERUc
  40C91C DELETESECONDARY@F15RELATIONMANAGERBk18BUFFEREDPAIRSCLASSUcUc
  40CC18 DELETE@F15RELATIONMANAGERUc
  40CE64 CLOSE@F15RELATIONMANAGERUc
  40CE70 CASCADEUPDATES@F15RELATIONMANAGER
  40CF4C CANCELAUTOINC@F15RELATIONMANAGER
  40CF60 DEFEREDRELATIONS@F15RELATIONMANAGER
  40CF88 CONSTRUCT@F15RELATIONMANAGER
  40CF90 FUNCTIONCALLED_@_FILECALLBACKINTERFACE_@_FILEMANAGER@F21FILECALLBACKINTERFACEl6PARAMSRscRsc
  40D03C FUNCTIONDONE_@_FILECALLBACKINTERFACE_@_FILEMANAGER@F21FILECALLBACKINTERFACEl6PARAMSRscRsc
  40D188 POSTUPDATE@F11FILEMANAGERRscRsc
  40D190 PREUPDATE@F11FILEMANAGERllRscRsc
  40D198 POSTINSERT@F11FILEMANAGERRscRsc
  40D1A0 PREINSERT@F11FILEMANAGERllRscRsc
  40D1A8 POSTDELETE@F11FILEMANAGERRscRsc
  40D1B0 PREDELETE@F11FILEMANAGERRscRsc
  40D1B8 FUNCTIONDONE@F11FILEMANAGERl6PARAMSRscRsc
  40D258 FUNCTIONCALLED@F11FILEMANAGERl6PARAMSRscRsc
  40D304 GETAUTOINCDONE@F11FILEMANAGER
  40D30C GETMRPSIZE@F11FILEMANAGER
  40D314 SETMRPSIZE@F11FILEMANAGERUc
  40D31C GETUSEMRP@F11FILEMANAGER
  40D324 SETUSEMRP@F11FILEMANAGERUc
  40D32C DELETED@F11FILEMANAGER
  40D330 DELETERECORD@F11FILEMANAGERUc
  40D384 VALIDATERECORD@F11FILEMANAGERPl
  40D43C VALIDATEFIELDS@F11FILEMANAGERllPl
  40D4F8 VALIDATEFIELDSERVER@F11FILEMANAGERlUc
  40D564 TRYVALIDATEFIELD@F11FILEMANAGERl
  40D574 VALIDATEFIELD@F11FILEMANAGERl
  40D584 USEFILE@F11FILEMANAGERUc
  40D678 UPDATESERVER@F11FILEMANAGERUc
  40D770 UPDATE@F11FILEMANAGER
  40D77C TRYUPDATE@F11FILEMANAGER
  40D788 TRYREGET@F11FILEMANAGERsb
  40D830 TRYPRIMEAUTOINC@F11FILEMANAGER
  40D83C TRYPREVIOUS@F11FILEMANAGER
  40D84C TRYOPEN@F11FILEMANAGER
  40D85C TRYNEXT@F11FILEMANAGER
  40D86C TRYINSERT@F11FILEMANAGER
  40D878 TRYFETCH@F11FILEMANAGERBk
  40D8C0 THROWMESSAGE@F11FILEMANAGERUssb
  40D914 THROW@F11FILEMANAGER
  40D938 THROW@F11FILEMANAGERUs
  40D950 SETKEY@F11FILEMANAGERBk
  40D9A8 SETERRORS@F11FILEMANAGER10ERRORCLASS
  40D9AC SETERROR@F11FILEMANAGERUs
  40D9C4 SAVEFILE@F11FILEMANAGER
  40DAE0 SAVEBUFFER@F11FILEMANAGER
  40DC38 RESTOREFILE@F11FILEMANAGERRUs11FILEMANAGERUc
  40DD68 RESTOREFILE@F11FILEMANAGERRUsUc
  40DDB4 RESTOREBUFFER@F11FILEMANAGERRUs11FILEMANAGERUc
  40DF24 RESTOREBUFFER@F11FILEMANAGERRUsUc
  40DF34 PRIMERECORD@F11FILEMANAGERUc
  40E040 PRIMEFIELDS@F11FILEMANAGER
  40E044 PRIMEAUTOINCSERVER@F11FILEMANAGERUc
  40E5F4 PRIMEAUTOINC@F11FILEMANAGER
  40E600 PREVIOUS@F11FILEMANAGER
  40E610 POSITION@F11FILEMANAGER
  40E690 OPENSERVER@F11FILEMANAGERUcUc
  40E748 OPENFILE@F11FILEMANAGERUc
  40E94C OPEN@F11FILEMANAGER
  40E95C NEXTSERVER@F11FILEMANAGERUcUc
  40EA78 NEXT@F11FILEMANAGER
  40EA88 KILL@F11FILEMANAGER
  40EACC KEYTOORDER@F11FILEMANAGERBkUc
  40EC18 ISOPENED@F11FILEMANAGER
  40EC38 INSERTSERVER@F11FILEMANAGERUc
  40EE50 INSERT@F11FILEMANAGER
  40EE5C INIT@F11FILEMANAGERBf10ERRORCLASS
  40EF3C INIT@F11FILEMANAGER
  40EF78 GETOPENED@F11FILEMANAGER
  40EF80 GETNAME@F11FILEMANAGER
  40EFB8 GETFIELDNAME@F11FILEMANAGERBkUc
  40F008 GETFIELDASCENDING@F11FILEMANAGERBkUc
  40F03C GETFIELD@F11FILEMANAGERBkUc
  40F078 GETEOF@F11FILEMANAGER
  40F080 GETCOMPONENTS@F11FILEMANAGERBk
  40F09C FETCH@F11FILEMANAGERBk
  40F0D4 EQUALBUFFER@F11FILEMANAGERRUs
  40F210 CLOSE@F11FILEMANAGER
  40F2A4 CLEARKEY@F11FILEMANAGERBkUcUcUc
  40F354 CANCELAUTOINC@F11FILEMANAGER15RELATIONMANAGER
  40F3C4 BINDFIELDS@F11FILEMANAGER
  40F3E8 ADDKEY@F11FILEMANAGERBksbUc
  40F6E0 DESTRUCT@F11FILEMANAGER
  40F714 SETOPTION@F10FUZZYCLASSUcUc
  40F778 KILL@F10FUZZYCLASS
  40F77C INIT@F10FUZZYCLASS
  40F790 CONSTRUCT@F10FUZZYCLASS
  40F870 TOOLBOX@F10POPUPCLASSsb
  40F8FC SETTOOLBOX@F10POPUPCLASSsbUc
  40F95C SETICON@F10POPUPCLASSsbsb
  40F9D4 SETITEMENABLE@F10POPUPCLASSsbUc
  40FA74 SETITEM@F10POPUPCLASSllsbsb
  40FC84 RESETTOOLBOX@F10POPUPCLASS
  41008C LOCATENAME@F10POPUPCLASSsb
  410110 KILL@F10POPUPCLASS
  41012C INIT@F10POPUPCLASS
  41015C GETNAME@F10POPUPCLASSl
  4104A4 GETMENUTEXT@F10POPUPCLASS
  410780 GETLASTSELECTION@F10POPUPCLASS
  410790 GETITEMS@F10POPUPCLASSUc
  41083C EXECUTEPOPUP@F10POPUPCLASSsbll
  41090C DELETEITEM@F10POPUPCLASSsb
  410954 CHECKMIMICS@F10POPUPCLASS
  410B14 ASKTOOLBOX@F10POPUPCLASSsb
  410FB8 ASK@F10POPUPCLASSll
  4110DC ADDSUBMENU@F10POPUPCLASSsbsbsb
  41119C ADDSUBMENU@F10POPUPCLASSsbsb
  411278 ADDMENU@F10POPUPCLASSsbUc
  4113DC ADDITEMMIMIC@F10POPUPCLASSsblOsb
  4114B0 ADDITEMEVENT@F10POPUPCLASSsbll
  411588 ADDITEM@F10POPUPCLASSsbsbsbUc
  41161C ADDITEM@F10POPUPCLASSsbsb
  41168C ADDITEM@F10POPUPCLASSsb
  4119A0 CLEARQUERY@F10QUERYCLASS
  411A48 GETQUERIES@F10QUERYCLASS11SECTORQUEUE
  411AE8 RESTORE@F10QUERYCLASSsb
  412278 TAKE@F10QUERYCLASS10POPUPCLASS
  412318 SAVE@F10QUERYCLASSsb
  412474 SETQUICKPOPUP@F10QUERYCLASS10POPUPCLASSUs
  4129F0 QUOTE@F10QUERYCLASSsb
  412D7C GETLIMIT@F10QUERYCLASSRscRscRUcUcRsc
  4137D8 GETFILTER@F10QUERYCLASS
  413CE4 MAKEOPERATOR@FsbsbRscRsc
  4140B0 MAKEOPERATOR@Fsbsb
  4142A8 SETPRIORITIES@F17WINDOWRESIZECLASS13POSITIONGROUP
  4142F4 SETSIZE@F17WINDOWRESIZECLASSl13POSITIONGROUP
  4143A8 GETSIZEINFO@F17WINDOWRESIZECLASSl13POSITIONGROUP
  4144BC RESTORECONTROLS@F17WINDOWRESIZECLASS
  414510 TAKERESIZE@F17WINDOWRESIZECLASS
  414518 SETPOSITION@F17WINDOWRESIZECLASSl13POSITIONGROUP13POSITIONGROUP13POSITIONGROUP13POSITIONGROUP
  414BFC SETPARENTDEFAULT@F17WINDOWRESIZECLASS
  414EE8 SETPARENTDEFAULTS@F17WINDOWRESIZECLASS
  414F24 SETPARENTCONTROL@F17WINDOWRESIZECLASSll
  414F98 RESTOREWINDOW@F17WINDOWRESIZECLASS
  415044 RESIZECHILDREN@F17WINDOWRESIZECLASSl13POSITIONGROUP13POSITIONGROUP
  41520C RESIZE@F17WINDOWRESIZECLASSl
  415538 RESIZE@F17WINDOWRESIZECLASS
  415548 RESET@F17WINDOWRESIZECLASS
  415838 KILL@F17WINDOWRESIZECLASS
  4158C4 INIT@F17WINDOWRESIZECLASSUcUcUc
  415AD4 GETCURRENTPOS@F17WINDOWRESIZECLASSl13POSITIONGROUP
  415B10 GETORIGPOS@F17WINDOWRESIZECLASSl13POSITIONGROUP
  415B60 GETRESIZESTRATEGY@F17WINDOWRESIZECLASSsOUc
  415CE0 GETPOSITIONSTRATEGY@F17WINDOWRESIZECLASSsOUc
  415E58 GETPARENTCONTROL@F17WINDOWRESIZECLASSl
  415E7C TAKEEVENT@F12TOOLBARCLASSPl13WINDOWMANAGER
  415EA8 SETTARGET@F12TOOLBARCLASSl
  415F50 KILL@F12TOOLBARCLASS
  415F68 INIT@F12TOOLBARCLASS
  415F88 DISPLAYBUTTONS@F12TOOLBARCLASS
  415FB0 ADDTARGET@F12TOOLBARCLASS13TOOLBARTARGETl
  415FE4 TRYTAKETOOLBAR@F18TOOLBARUPDATECLASS
  415FF0 TAKEEVENT@F18TOOLBARUPDATECLASSPl13WINDOWMANAGER
  41602C TAKETOOLBAR@F18TOOLBARUPDATECLASS
  416108 DISPLAYBUTTONS@F18TOOLBARUPDATECLASS
  4161C8 TRYTAKETOOLBAR@F19TOOLBARLISTBOXCLASS
  41621C TAKEEVENT@F19TOOLBARLISTBOXCLASSPl13WINDOWMANAGER
  416364 TAKETOOLBAR@F19TOOLBARLISTBOXCLASS
  416388 DISPLAYBUTTONS@F19TOOLBARLISTBOXCLASS
  4163B4 TAKEEVENT@F13TOOLBARTARGETPl13WINDOWMANAGER
  416434 DISPLAYBUTTONS@F13TOOLBARTARGET
  416618 SETTIPS@Fsb
  41673C UPDATEQUEUE@F8INICLASSsbsbBqRuPuPuPu
  416960 UPDATE@F8INICLASSsbsbsb
  416A1C UPDATE@F8INICLASSsbBw
  416BFC UPDATE@F8INICLASS
  416C00 TRYFETCH@F8INICLASSsbsb
  416C78 REMOVE@F8INICLASSsbsb
  416DE0 KILL@F8INICLASS
  416F18 INIT@F8INICLASSsbll
  417030 GETSECTORS@F8INICLASSOsbOsbOsb11SECTORQUEUE
  417240 GETSECTOR@F8INICLASSsbsbsb
  417330 GETFAMILY@F8INICLASSsbRscRscRsc
  4174B4 FETCHQUEUE@F8INICLASSsbsbBqRuPuPuPu
  417728 FETCHFIELD@F8INICLASSsbsbUc
  417868 FETCH@F8INICLASSsbsbRu
  41792C FETCH@F8INICLASSsbBw
  417B8C FETCH@F8INICLASSsbsb
  417C64 FETCH@F8INICLASS
  417C68 ADDSECTOR@F8INICLASSsb
  417D48 UPDATEWINDOWINFO@F8INICLASSsb10WINDOWINFO
  417FB4 FETCHWINDOWINFO@F8INICLASSsb10WINDOWINFO
  41822C UPDATE@F8INICLASSsbsbsbsb
  418418 FETCH@F8INICLASSsbsbsbsb
  41863C DESTRUCT@F8INICLASS
  418658 CONSTRUCT@F8INICLASS
  41866C KILL@F18BUFFEREDPAIRSCLASS
  4186E8 INIT@F18BUFFEREDPAIRSCLASS
  418708 EQUALRIGHTBUFFER@F18BUFFEREDPAIRSCLASSUc
  418798 EQUALLEFTBUFFER@F18BUFFEREDPAIRSCLASSUc
  418824 EQUALRIGHTBUFFER@F18BUFFEREDPAIRSCLASS
  418830 EQUALLEFTBUFFER@F18BUFFEREDPAIRSCLASS
  41883C ASSIGNRIGHTTOBUFFER@F18BUFFEREDPAIRSCLASS
  418884 ASSIGNLEFTTOBUFFER@F18BUFFEREDPAIRSCLASS
  4188C8 ASSIGNBUFFERTORIGHT@F18BUFFEREDPAIRSCLASS
  418910 ASSIGNBUFFERTOLEFT@F18BUFFEREDPAIRSCLASS
  418954 ADDPAIR@F18BUFFEREDPAIRSCLASSRuRu
  4189F4 INIT@F15FIELDPAIRSCLASS
  418A10 KILL@F15FIELDPAIRSCLASS
  418A74 EQUALLEFTRIGHT@F15FIELDPAIRSCLASS
  418AC4 EQUAL@F15FIELDPAIRSCLASS
  418ACC CLEARRIGHT@F15FIELDPAIRSCLASS
  418B08 CLEARLEFT@F15FIELDPAIRSCLASS
  418B40 ASSIGNRIGHTTOLEFT@F15FIELDPAIRSCLASS
  418B84 ASSIGNLEFTTORIGHT@F15FIELDPAIRSCLASS
  418BC8 ADDPAIR@F15FIELDPAIRSCLASSRuRu
  418C0C NEXT@F13CONSTANTCLASS
  418DC8 SET@F13CONSTANTCLASSRsb
  418E1C RESET@F13CONSTANTCLASS
  418E6C KILL@F13CONSTANTCLASS
  418ECC INIT@F13CONSTANTCLASSUc
  418F10 GETCSTRING@F13CONSTANTCLASS
  418F90 GETPSTRING@F13CONSTANTCLASS
  419020 GETLONG@F13CONSTANTCLASS
  419044 GETUSHORT@F13CONSTANTCLASS
  41906C GETSHORT@F13CONSTANTCLASS
  419074 GETBYTE@F13CONSTANTCLASS
  419088 ADDITEM@F13CONSTANTCLASSUcRu
  4190C4 CONSTRUCT@F13CONSTANTCLASS
  4190DC REMOVEDOLLAR@Fsb
  4191B0 ADDDOLLAR@Fsb
  419250 SAVEONINSERTACTION@F13WINDOWMANAGER
  4192F4 SAVEONCHANGEACTION@F13WINDOWMANAGER
  41940C DELETEACTION@F13WINDOWMANAGER
  4195C8 CHANGEACTION@F13WINDOWMANAGER
  419938 INSERTACTION@F13WINDOWMANAGER
  419B28 TAKEDISABLEBUTTON@F13WINDOWMANAGERlUc
  419B50 UPDATE@F13WINDOWMANAGER
  419B8C TAKEWINDOWEVENT@F13WINDOWMANAGER
  419CC8 TAKESELECTED@F13WINDOWMANAGER
  419CCC TAKEREJECTED@F13WINDOWMANAGER
  419D08 TAKENOTIFY@F13WINDOWMANAGERlll
  419D0C TAKENEWSELECTION@F13WINDOWMANAGER
  419D8C TAKEFIELDEVENT@F13WINDOWMANAGER
  419D90 TAKEEVENT@F13WINDOWMANAGER
  419F38 TAKECLOSEEVENT@F13WINDOWMANAGER
  41A0DC TAKECOMPLETED@F13WINDOWMANAGER
  41A1B4 TAKEACCEPTED@F13WINDOWMANAGER
  41A2A0 SETRESPONSE@F13WINDOWMANAGERUc
  41A2EC SETALERTS@F13WINDOWMANAGER
  41A39C SAVEHISTORY@F13WINDOWMANAGER
  41A444 RUN@F13WINDOWMANAGERUsUc
  41A448 RUN@F13WINDOWMANAGER
  41A494 RESTOREFIELD@F13WINDOWMANAGERl
  41A64C RESETBUFFERS@F13WINDOWMANAGERUc
  41A6B0 RESET@F13WINDOWMANAGERUc
  41A738 PRIMEUPDATE@F13WINDOWMANAGER
  41A87C PRIMEFIELDS@F13WINDOWMANAGER
  41A880 POSTCOMPLETED@F13WINDOWMANAGER
  41A918 OPEN@F13WINDOWMANAGERBwBw
  41A960 OPEN@F13WINDOWMANAGER
  41A9A4 KILL@F13WINDOWMANAGER
  41AAF8 INIT@F13WINDOWMANAGER
  41AB74 REMOVEITEM@F13WINDOWMANAGER15WINDOWCOMPONENT
  41ABAC ASK@F13WINDOWMANAGER
  41AC10 ADDUPDATEFILE@F13WINDOWMANAGER11FILEMANAGER
  41AC50 ADDITEM@F13WINDOWMANAGER17WINDOWRESIZECLASS
  41AC58 ADDITEM@F13WINDOWMANAGER15WINDOWCOMPONENT
  41AC84 ADDITEM@F13WINDOWMANAGER18TOOLBARUPDATECLASS
  41ACDC ADDITEM@F13WINDOWMANAGER12TOOLBARCLASS
  41ACF0 ADDITEM@F13WINDOWMANAGERlUc
  41AD14 ADDITEM@F13WINDOWMANAGER11BROWSECLASS
  41AD3C ADDHISTORYFILE@F13WINDOWMANAGERRgRg
  41AD94 ADDHISTORYFIELD@F13WINDOWMANAGERll
  41ADBC DISABLECANCELCONTROLS@F13WINDOWMANAGER
  41AE14 ENABLECANCELCONTROLS@F13WINDOWMANAGER
  41AE6C GETIFACE@F15CRITICALSECTION
  41AE70 DESTRUCT@F15CRITICALSECTION
  41AE84 CONSTRUCT@F15CRITICALSECTION
  41AE98 KILL@F17CRITICALPROCEDURE
  41AEBC INIT@F17CRITICALPROCEDURE11ISYNCOBJECT
  41AEDC DESTRUCT@F17CRITICALPROCEDURE
  41AEE4 CONSTRUCT@F17CRITICALPROCEDURE
  41B0A4 FILM001$OMENI@F
  41B690 FILM001$UPDATEFILMOVI@F
  41BCC8 FILM001$BROWSEFILMOVI@F
  41C120 MAIN@F
  41C1B8 KILL@F19HIDE:RELATE:FILMOVI
  41C200 INIT@F19HIDE:RELATE:FILMOVI
  41C238 USEFILE@F19HIDE:ACCESS:FILMOVIUc
  41C2DC KILL@F19HIDE:ACCESS:FILMOVI
  41C2FC INIT@F19HIDE:ACCESS:FILMOVI
  41C37C FILM_BC0$FILM_BC0:FILESINIT@F
  41C390 FILM_BC0$FILM_BC0:DCTKILL@F
  41C3B8 FILM_BC0$FILM_BC0:DCTINIT@F
  41C41C DCTKILL@F
  41C424 DCTINIT@F
  41C430 _main
  41C4C8 DESTRUCT@F10DICTIONARY
  41C4D0 CONSTRUCT@F10DICTIONARY
  41C7C8 __thr_inst0
  41C7D8 __thr_init_entry
  41C7F8 __thr_init_exit
  41D000 $DEFAULTERRORS
  41E27C TYPE$BROWSECLASS
  41E654 TYPE$BROWSEEIPMANAGER
  41E928 VMT$BROWSEEIPMANAGER
  41E9CC VMT$BROWSECLASS
  41EB98 TYPE$STANDARDBEHAVIOR
  41EBD4 VMT$STANDARDBEHAVIOR
  41EC20 TYPE$STEPLOCATORCLASS
  41EC70 VMT$STEPLOCATORCLASS
  41ECAC TYPE$STEPLONGCLASS
  41ECD4 VMT$STEPLONGCLASS
  41ED18 TYPE$COLORMAP
  41ED44 TCB$COLORMAP
  41ED54 TYPE$EDITENTRYCLASS
  41ED9C VMT$EDITENTRYCLASS
  41EF3C STDERRORFILE$TYPE$RECORD
  41EF54 $STDERRORFILE
  41EFA0 TYPE$PNQ
  41EFC0 TYPE$DEFAULTERRORS
  41F220 TYPE$HISTHANDLERCLASS
  41F268 VMT$HISTHANDLERCLASS
  41F298 TYPE$MSGBOXCLASS
  41F510 VMT$MSGBOXCLASS
  41F598 TYPE$ERRORCLASS
  41F81C VMT$ERRORCLASS
  41F868 TYPE$STANDARDERRORLOGCLASS
  41F8A0 VMT$STANDARDERRORLOGCLASS
  41F8B8 TYPE$ERRORSTATUSCLASS
  41F9AC VMT$ERRORSTATUSCLASS
  41FA80 TYPE$UNTHREADEDFILEOPENERMAP
  41FAA4 TCB$UNTHREADEDFILEOPENERMAP
  41FAB4 TYPE$FILESMANAGER
  41FAF8 VMT$FILESMANAGER
  41FB04 TYPE$FILEMAPPING_T
  41FB30 TYPE$FILEMAPPING_R
  41FB60 TYPE$STATUSQ_T
  41FBC8 TYPE$UNTHREADEDFILEOPENSERVER
  41FC18 VMT$UNTHREADEDFILEOPENSERVER
  41FC3C TYPE$THREADEDFILEOPENSERVER
  41FC70 VMT$THREADEDFILEOPENSERVER
  41FE78 TYPE$FUZZYCLASS
  41FF20 VMT$FUZZYCLASS
  41FF5C TYPE$POPUPITEMQUEUE
  41FFCC TYPE$POPUPCLASS
  420070 VMT$POPUPCLASS
  420160 TYPE$FIELDQUEUE
  420218 TYPE$WINDOWRESIZECLASS
  420458 TYPE$TOOLBARTARGETQUEUE
  420474 $UPDATECHANGETIPS
  420580 $UPDATEINSERTTIPS
  4205C0 $LISTBOXTIPS
  42067C TYPE$TOOLBARCLASS
  420694 VMT$TOOLBARCLASS
  4206AC TYPE$TOOLBARUPDATECLASS
  420734 VMT$TOOLBARUPDATECLASS
  420750 TYPE$TOOLBARLISTBOXCLASS
  4207CC VMT$TOOLBARLISTBOXCLASS
  420874 TYPE$CONSTDESCRIPTORLIST
  42089C TYPE$CONSTANTCLASS
  42093C VMT$CONSTANTCLASS
  420948 TYPE$INICLASS
  420990 VMT$INICLASS
  420A1C TYPE$BUFFEREDPAIRSCLASS
  420A40 VMT$BUFFEREDPAIRSCLASS
  420A78 TYPE$FIELDPAIRSCLASS
  420A90 VMT$FIELDPAIRSCLASS
  420AC4 TYPE$FILELIST
  420AE8 TYPE$HISTORYLIST
  420B20 TYPE$BUTTONLIST
  420B44 TYPE$COMPONENTLIST
  420B60 TYPE$CRITICALSECTION
  420B78 VMT$CRITICALSECTION
  420B84 TYPE$CRITICALPROCEDURE
  420B9C VMT$CRITICALPROCEDURE
  421E5C TYPE$HIDE:RELATE:FILMOVI
  421F00 VMT$HIDE:RELATE:FILMOVI
  421F3C TYPE$HIDE:ACCESS:FILMOVI
  422120 VMT$HIDE:ACCESS:FILMOVI
  422218 TYPE$DICTIONARY
  422228 VMT$DICTIONARY
  422234 FILMOVI$TYPE$FIL:RECORD
  4224B4 VMTP$DICTIONARY
  4224F4 VMTP$HIDE:RELATE:FILMOVI
  4224FC VMTP$HIDE:ACCESS:FILMOVI
  422504 VMTP$FILESMANAGER
  42250C VMTP$UNTHREADEDFILEOPENSERVER
  422514 VMTP$THREADEDFILEOPENSERVER
  42251C VMTP$CONSTANTCLASS
  422524 VMTP$INICLASS
  42252C VMTP$BUFFEREDPAIRSCLASS
  422534 VMTP$FIELDPAIRSCLASS
  42253C VMTP$POPUPCLASS
  422544 VMTP$TOOLBARCLASS
  42254C VMTP$TOOLBARUPDATECLASS
  422554 VMTP$TOOLBARLISTBOXCLASS
  42255C VMTP$EDITENTRYCLASS
  422564 VMTP$BROWSEEIPMANAGER
  42256C VMTP$BROWSECLASS
  422574 VMTP$STANDARDBEHAVIOR
  42257C VMTP$STEPLOCATORCLASS
  422584 VMTP$STEPLONGCLASS
  42258C VMTP$HISTHANDLERCLASS
  422594 VMTP$MSGBOXCLASS
  42259C VMTP$ERRORCLASS
  4225A4 VMTP$STANDARDERRORLOGCLASS
  4225AC VMTP$ERRORSTATUSCLASS
  4225B4 VMTP$FUZZYCLASS
  4225BC VMTP$CRITICALSECTION
  4225C4 VMTP$CRITICALPROCEDURE
  4225D0 $FUZZYMATCHER
  423BF4 $COLORMAP
  423C2C $MULTIWINDOW
  423C30 $TXTWINDOW
  423C34 $WINDOW
  423C38 STDERRORFILE$RECORD
  424038 $UNTHREADEDFILEOPENERMAP
  424040 $CREATEOPENERCRIT
  424150 $GLOBALERRORS
  424184 $INIMGR
  42429C MEMOS$FILMOVI
  425008 FILMOVI$FIL:PK
  42502C KEYS$FILMOVI
  425030 $FILMOVI
  4250EC $EPOC
  425140 $GLOBALERRORSTATUS
  425860 $GLOBALREQUEST
  425864 $GLOBALRESPONSE
  425868 $VCRREQUEST
  42586C $DICTIONARY
  425870 FILMOVI$FIL:RECORD
  4258D4 $RELATE:FILMOVI
  4258D8 $ACCESS:FILMOVI
  42594C FILM_BC0$_HIDE:RELATE:FILMOVI
  425950 FILM_BC0$_HIDE:ACCESS:FILMOVI
  425954 $FILESMANAGER
  42596C $SZDBTEXTLOG
  427000 __import_section_start
  428818 __import_section_end

Imports
ClaASC.dll:ASCII 427058
ClaRUN.dll:Cla$ACCEPTED 4273B4,401000
ClaRUN.dll:Cla$ADDqueue 4273B8
ClaRUN.dll:Cla$ADDqueuekey 4273BC,401008
ClaRUN.dll:Cla$ADDqueueptr 4273C0
ClaRUN.dll:Cla$AddressUfo 4273C4
ClaRUN.dll:Cla$AssignLong2RefUfo 4273C8
ClaRUN.dll:Cla$AssignReal2RefUfo 4273CC
ClaRUN.dll:Cla$AssignRefUfo 4273D0
ClaRUN.dll:Cla$BEEP 4273D4,401010
ClaRUN.dll:Cla$BindG 4273D8
ClaRUN.dll:Cla$CHOICE 4273DC,401018
ClaRUN.dll:Cla$CLEAR 4273E0
ClaRUN.dll:Cla$CLEARqueue 4273E4
ClaRUN.dll:Cla$clearstr 4273E8
ClaRUN.dll:Cla$ClearType 4273EC
ClaRUN.dll:Cla$ClearUfo 4273F0
ClaRUN.dll:Cla$CLOCK 4273F4,401020
ClaRUN.dll:Cla$CloneUfo 4273F8
ClaRUN.dll:Cla$CLOSEwindow 4273FC,401028
ClaRUN.dll:Cla$code 427400
ClaRUN.dll:Cla$COMMIT 427404,401030
ClaRUN.dll:Cla$comparestr 427408
ClaRUN.dll:Cla$CREATE 42740C
ClaRUN.dll:Cla$DecAdd 427410
ClaRUN.dll:Cla$DecCompareN 427414
ClaRUN.dll:Cla$DecDistinct 427418
ClaRUN.dll:Cla$DecDistinctR 42741C
ClaRUN.dll:Cla$DecDivide 427420
ClaRUN.dll:Cla$DecMul 427424
ClaRUN.dll:Cla$DecSub 427428
ClaRUN.dll:Cla$DecSubR 42742C
ClaRUN.dll:Cla$DELETEqueue 427430,401038
ClaRUN.dll:Cla$DELETEREG 427434,401040
ClaRUN.dll:Cla$DESTROY 427438,401048
ClaRUN.dll:Cla$DISABLE 42743C,401050
ClaRUN.dll:Cla$DISPLAY 427440,401058
ClaRUN.dll:Cla$DISPOSEqueue 427444
ClaRUN.dll:Cla$DISPOSEref 427448
ClaRUN.dll:Cla$DISPOSEvref 42744C
ClaRUN.dll:Cla$Dlongpower 427450
ClaRUN.dll:Cla$DPopDec 427454
ClaRUN.dll:Cla$DPopLong 427458
ClaRUN.dll:Cla$DPopReal 42745C
ClaRUN.dll:Cla$DPushDec 427460
ClaRUN.dll:Cla$DPushLong 427464
ClaRUN.dll:Cla$DRound 427468
ClaRUN.dll:Cla$DStack2Stack 42746C
ClaRUN.dll:Cla$ENABLE 427470,401060
ClaRUN.dll:Cla$EndEventLoop 427474
ClaRUN.dll:Cla$EndEventLoops 427478
ClaRUN.dll:Cla$ERRORCODE 42747C,401068
ClaRUN.dll:Cla$Evaluate 427480,401070
ClaRUN.dll:Cla$EVENT 427484,401078
ClaRUN.dll:Cla$FIELD 427488,401080
ClaRUN.dll:Cla$FILEERRORCODE 42748C,401088
ClaRUN.dll:Cla$FILEERRORMSG 427490,401090
ClaRUN.dll:Cla$FileExists 427494,401098
ClaRUN.dll:Cla$FILE_ADDf 427498
ClaRUN.dll:Cla$FILE_BUFFER 42749C,4010A0
ClaRUN.dll:Cla$FILE_BUILDf 4274A0,4010A8
ClaRUN.dll:CLA$FILE_CALLBACK 4274A4,4010B0
ClaRUN.dll:Cla$FILE_CLEAR 4274A8
ClaRUN.dll:Cla$FILE_CLOSE 4274AC,4010B8
ClaRUN.dll:Cla$FILE_CREATE 4274B0
ClaRUN.dll:Cla$FILE_DELETE 4274B4,4010C0
ClaRUN.dll:CLA$FILE_DESTROY 4274B8
ClaRUN.dll:Cla$FILE_DUPLICATEk 4274BC,4010C8
ClaRUN.dll:Cla$FILE_FLUSH 4274C0,4010D0
ClaRUN.dll:CLA$FILE_FREESTATE 4274C4,4010D8
ClaRUN.dll:Cla$FILE_GETfk 4274C8
ClaRUN.dll:Cla$FILE_GETfl 4274CC
ClaRUN.dll:Cla$FILE_GETNULLS 4274D0,4010E0
ClaRUN.dll:CLA$FILE_GETSTATE 4274D4,4010E8
ClaRUN.dll:Cla$FILE_GET_PROPERTY 4274D8
ClaRUN.dll:Cla$FILE_NAME 4274DC,4010F0
ClaRUN.dll:Cla$FILE_NEXT 4274E0,4010F8
ClaRUN.dll:Cla$FILE_NOMEMO 4274E4,401100
ClaRUN.dll:Cla$FILE_OPEN 4274E8,401108
ClaRUN.dll:Cla$FILE_POSITIONf 4274EC,401110
ClaRUN.dll:Cla$FILE_POSITIONk 4274F0,401118
ClaRUN.dll:Cla$FILE_PREV 4274F4,401120
ClaRUN.dll:Cla$FILE_PUTf 4274F8
ClaRUN.dll:Cla$FILE_REGETf 4274FC,401128
ClaRUN.dll:Cla$FILE_REGETk 427500,401130
ClaRUN.dll:Cla$FILE_RESETf 427504,401138
ClaRUN.dll:Cla$FILE_RESETk 427508,401140
ClaRUN.dll:CLA$FILE_RESTORESTATE 42750C,401148
ClaRUN.dll:Cla$FILE_SEND 427510,401150
ClaRUN.dll:Cla$FILE_SETk 427514,401158
ClaRUN.dll:Cla$FILE_SETkk 427518,401160
ClaRUN.dll:Cla$FILE_SETNULLS 42751C,401168
ClaRUN.dll:Cla$FILE_SET_PROPERTY 427520
ClaRUN.dll:Cla$FILE_WATCH 427524,401170
ClaRUN.dll:Cla$FOCUS 427528,401178
ClaRUN.dll:Cla$FREEqueue 42752C
ClaRUN.dll:Cla$FREEqueuea 427530,401180
ClaRUN.dll:Cla$freestr 427534
ClaRUN.dll:Cla$FreeUfo 427538
ClaRUN.dll:Cla$freewindow 42753C
ClaRUN.dll:Cla$GETINI 427540,401188
ClaRUN.dll:Cla$GETPOSITION 427544,401190
ClaRUN.dll:Cla$GetPropS 427548
ClaRUN.dll:Cla$GETqueuekey 42754C,401198
ClaRUN.dll:Cla$GETqueueptr 427550
ClaRUN.dll:Cla$GETREG 427554,4011A0
ClaRUN.dll:Cla$Group2Ufo 427558
ClaRUN.dll:Cla$HALT 42755C,4011A8
ClaRUN.dll:Cla$HIDE 427560,4011B0
ClaRUN.dll:Cla$init 427564
ClaRUN.dll:Cla$INSTANCE 427568,4011B8
ClaRUN.dll:Cla$IsUfoString 42756C,4011C0
ClaRUN.dll:Cla$KEYCHAR 427570,4011C8
ClaRUN.dll:Cla$KEYCODE 427574,4011D0
ClaRUN.dll:Cla$KEY_GET_PROPERTY 427578
ClaRUN.dll:Cla$LASTFIELD 42757C,4011D8
ClaRUN.dll:Cla$LOGOUT 427580,4011E0
ClaRUN.dll:Cla$longtostr 427584
ClaRUN.dll:Cla$Mem2Ufo 427588
ClaRUN.dll:Cla$MessageBox 42758C,4011E8
ClaRUN.dll:Cla$NewMemB 427590
ClaRUN.dll:Cla$NewMemT 427594
ClaRUN.dll:Cla$NEWqueue 427598
ClaRUN.dll:Cla$NOTIFICATION 42759C,4011F0
ClaRUN.dll:Cla$OPENowned 4275A0,4011F8
ClaRUN.dll:Cla$OPENwindow 4275A4,401200
ClaRUN.dll:Cla$paopen 4275A8,401208
ClaRUN.dll:Cla$pmopen 4275AC,401210
ClaRUN.dll:Cla$POINTERqueue 4275B0,401218
ClaRUN.dll:Cla$PopAString 4275B4
ClaRUN.dll:Cla$PopBind 4275B8,401220
ClaRUN.dll:Cla$PopCString 4275BC
ClaRUN.dll:Cla$PopReal 4275C0
ClaRUN.dll:Cla$PopString 4275C4
ClaRUN.dll:Cla$PopTemp 4275C8
ClaRUN.dll:Cla$POPUP 4275CC,401228
ClaRUN.dll:Cla$POST 4275D0,401230
ClaRUN.dll:Cla$PRESSKEY 4275D4,401238
ClaRUN.dll:Cla$PushAString 4275D8
ClaRUN.dll:Cla$PushBind 4275DC,401240
ClaRUN.dll:Cla$PushCString 4275E0
ClaRUN.dll:Cla$PushLong 4275E4
ClaRUN.dll:Cla$PushPictLong 4275E8
ClaRUN.dll:Cla$PushString 4275EC
ClaRUN.dll:Cla$PushUfo 4275F0
ClaRUN.dll:Cla$PUTINI 4275F4,401248
ClaRUN.dll:Cla$PUTqueue 4275F8
ClaRUN.dll:Cla$PUTqueuekey 4275FC,401250
ClaRUN.dll:Cla$PUTREG 427600,401258
ClaRUN.dll:Cla$pwopen 427604,401260
ClaRUN.dll:Cla$realdistinct 427608
ClaRUN.dll:Cla$RECORDSqueue 42760C,401268
ClaRUN.dll:Cla$RefAssignAny 427610
ClaRUN.dll:Cla$REGISTEREVENT 427614,401270
ClaRUN.dll:Cla$REGULAR 427618,401278
ClaRUN.dll:Cla$ROLLBACK 42761C,401280
ClaRUN.dll:Cla$rterr 427620,401288
ClaRUN.dll:Cla$SELECT 427624,401290
ClaRUN.dll:Cla$SETCURSOR 427628,401298
ClaRUN.dll:Cla$SETKEYCODE 42762C,4012A0
ClaRUN.dll:Cla$SETPOSITION 427630,4012A8
ClaRUN.dll:Cla$SetPropF 427634
ClaRUN.dll:Cla$SetPropS 427638
ClaRUN.dll:Cla$SetPropV 42763C
ClaRUN.dll:Cla$SETTARGET 427640,4012B0
ClaRUN.dll:Cla$SORTqueuekey 427644,4012B8
ClaRUN.dll:Cla$Stack2DStack 427648
ClaRUN.dll:Cla$Stack2Ufo 42764C
ClaRUN.dll:Cla$StackCLIP 427650,4012C0
ClaRUN.dll:Cla$StackCompareN 427654
ClaRUN.dll:Cla$StackCompareNEQ 427658
ClaRUN.dll:Cla$StackCompareR 42765C
ClaRUN.dll:Cla$StackConcat 427660
ClaRUN.dll:Cla$StackConcatR 427664
ClaRUN.dll:Cla$StackDEFORMAT2 427668
ClaRUN.dll:Cla$StackErrstr 42766C,4012C8
ClaRUN.dll:Cla$StackHeap 427670
ClaRUN.dll:Cla$StackINSTRING 427674,4012D0
ClaRUN.dll:Cla$StackLEFT 427678,4012D8
ClaRUN.dll:Cla$StackLen 42767C,4012E0
ClaRUN.dll:Cla$StackNUMERIC 427680,4012E8
ClaRUN.dll:Cla$STACKpop 427684
ClaRUN.dll:Cla$StackRotate 427688
ClaRUN.dll:Cla$StackSUB 42768C,4012F0
ClaRUN.dll:Cla$StackUPPER 427690,4012F8
ClaRUN.dll:Cla$START 427694,401300
ClaRUN.dll:Cla$START2 427698,401308
ClaRUN.dll:Cla$StartEventLoop 42769C
ClaRUN.dll:Cla$StashBP 4276A0
ClaRUN.dll:Cla$storecstr 4276A4
ClaRUN.dll:Cla$storestr 4276A8
ClaRUN.dll:Cla$String2Ref 4276AC
ClaRUN.dll:Cla$THREAD 4276B0,401310
ClaRUN.dll:Cla$THREAD_FILE 4276B4
ClaRUN.dll:Cla$TODAY 4276B8,401318
ClaRUN.dll:Cla$Ufo2Real 4276BC
ClaRUN.dll:Cla$UfoCompareN 4276C0
ClaRUN.dll:Cla$Ufodistinct 4276C4
ClaRUN.dll:Cla$UNHIDE 4276C8,401320
ClaRUN.dll:Cla$UNREGISTEREVENT 4276CC,401328
ClaRUN.dll:Cla$UPDATE 4276D0,401330
ClaRUN.dll:Cla$VIEW_RESETvf 4276D4,401338
ClaRUN.dll:Cla$VIEW_SETvl 4276D8,401340
ClaRUN.dll:Cla$WHAT 4276DC,401348
ClaRUN.dll:Cla$WHOqueue 4276E0,401350
ClaRUN.dll:NewCriticalSection 4276E4,401358
ClaRUN.dll:THR$GetInstance 4276E8,401360
ClaRUN.dll:VIEWDRIVER 4276EC
ClaRUN.dll:_exit 4276F0,401368
ClaRUN.dll:_free 4276F4
ClaRUN.dll:_malloc 4276F8
ClaRUN.dll:__sysinit 4276FC,401370
ClaRUN.dll:__sysstart 427700,401378
ClaTPS.dll:TOPSPEED 427710



Entry Point:   41C4E0